asd:HTTP Error 404: Not Found
asd:HTTP Error 404: Not Found
asd:HTTP Error 404: Not Found
asd:HTTP Error 404: Not Found
asd:HTTP Error 404: Not Found
asd:HTTP Error 404: Not Found
asd:HTTP Error 404: Not Found
asd:HTTP Error 404: Not Found
asd:HTTP Error 404: Not Found
:HTTP Error 404: Not Found
asd:HTTP Error 404: Not Found
:HTTP Error 404: Not Found
asd:HTTP Error 404: Not Found
:HTTP Error 404: Not Found
asd:HTTP Error 404: Not Found
:HTTP Error 404: Not Found
asd:HTTP Error 404: Not Found
:HTTP Error 404: Not Found
